[2026-09-19 17:31:14] local.INFO: SMS (not sent — log driver) {"to":"017936*2087","event":"mobile_verification","locale":"en","segments":1,"unicode":false,"body":"sms.mobile_verification"} 
[2026-09-19 17:35:57] local.INFO: SMS (not sent — log driver) {"to":"017936*2087","event":"mobile_verification","locale":"en","segments":1,"unicode":false,"body":"sms.mobile_verification"} 
[2026-09-19 17:38:00] testing.INFO: SMS (not sent — log driver) {"to":"+88017****9215","event":"account.activated","locale":"en","segments":1,"unicode":false,"body":"Your Feriwala account is now active. You can sign in and start trading."} 
[2026-09-19 17:38:03] testing.INFO: SMS (not sent — log driver) {"to":"+88017****6149","event":"account.activated","locale":"en","segments":1,"unicode":false,"body":"Your Feriwala account is now active. You can sign in and start trading."} 
[2026-09-19 17:38:05] testing.INFO: SMS (not sent — log driver) {"to":"+88017****3516","event":"account.activated","locale":"en","segments":1,"unicode":false,"body":"Your Feriwala account is now active. You can sign in and start trading."} 
[2026-09-19 17:38:07] testing.INFO: SMS (not sent — log driver) {"to":"+88017****6543","event":"account.activated","locale":"en","segments":1,"unicode":false,"body":"Your Feriwala account is now active. You can sign in and start trading."} 
[2026-09-19 17:38:09] testing.INFO: SMS (not sent — log driver) {"to":"+88017****4892","event":"account.activated","locale":"en","segments":1,"unicode":false,"body":"Your Feriwala account is now active. You can sign in and start trading."} 
[2026-09-19 17:38:11] testing.INFO: SMS (not sent — log driver) {"to":"+88017****8313","event":"account.activated","locale":"en","segments":1,"unicode":false,"body":"Your Feriwala account is now active. You can sign in and start trading."} 
[2026-09-19 17:38:14] testing.INFO: SMS (not sent — log driver) {"to":"+88017****6402","event":"account.activated","locale":"en","segments":1,"unicode":false,"body":"Your Feriwala account is now active. You can sign in and start trading."} 
[2026-09-19 17:38:16] testing.INFO: SMS (not sent — log driver) {"to":"+88017****5022","event":"account.activated","locale":"en","segments":1,"unicode":false,"body":"Your Feriwala account is now active. You can sign in and start trading."} 
[2026-09-19 17:38:18] testing.INFO: SMS (not sent — log driver) {"to":"+88017****0739","event":"account.activated","locale":"en","segments":1,"unicode":false,"body":"Your Feriwala account is now active. You can sign in and start trading."} 
[2026-09-19 17:38:21] testing.INFO: SMS (not sent — log driver) {"to":"+88017****4650","event":"account.activated","locale":"en","segments":1,"unicode":false,"body":"Your Feriwala account is now active. You can sign in and start trading."} 
[2026-09-19 17:38:23] testing.INFO: SMS (not sent — log driver) {"to":"+88017****6762","event":"account.activated","locale":"en","segments":1,"unicode":false,"body":"Your Feriwala account is now active. You can sign in and start trading."} 
[2026-09-19 17:38:25] testing.INFO: SMS (not sent — log driver) {"to":"+88017****0067","event":"account.activated","locale":"en","segments":1,"unicode":false,"body":"Your Feriwala account is now active. You can sign in and start trading."} 
[2026-09-19 17:38:27] testing.INFO: SMS (not sent — log driver) {"to":"+88017****4125","event":"account.activated","locale":"en","segments":1,"unicode":false,"body":"Your Feriwala account is now active. You can sign in and start trading."} 
[2026-09-19 17:39:08] testing.INFO: SMS (not sent — log driver) {"to":"+88017****4328","event":"account.activated","locale":"en","segments":1,"unicode":false,"body":"Your Feriwala account is now active. You can sign in and start trading."} 
[2026-09-19 17:39:08] testing.INFO: SMS (not sent — log driver) {"to":"+88017****8018","event":"account.activated","locale":"en","segments":1,"unicode":false,"body":"Your Feriwala account is now active. You can sign in and start trading."} 
[2026-09-19 17:39:08] testing.INFO: SMS (not sent — log driver) {"to":"+88017****1283","event":"account.activated","locale":"en","segments":1,"unicode":false,"body":"Your Feriwala account is now active. You can sign in and start trading."} 
[2026-09-19 17:39:09] testing.INFO: SMS (not sent — log driver) {"to":"+88017****5512","event":"account.activated","locale":"en","segments":1,"unicode":false,"body":"Your Feriwala account is now active. You can sign in and start trading."} 
[2026-09-19 17:39:09] testing.INFO: SMS (not sent — log driver) {"to":"+88017****2447","event":"account.activated","locale":"en","segments":1,"unicode":false,"body":"Your Feriwala account is now active. You can sign in and start trading."} 
[2026-09-19 17:39:09] testing.INFO: SMS (not sent — log driver) {"to":"+88017****8295","event":"account.activated","locale":"en","segments":1,"unicode":false,"body":"Your Feriwala account is now active. You can sign in and start trading."} 
[2026-09-19 17:39:09] testing.INFO: SMS (not sent — log driver) {"to":"+88017****2700","event":"account.activated","locale":"en","segments":1,"unicode":false,"body":"Your Feriwala account is now active. You can sign in and start trading."} 
[2026-09-19 17:39:10] testing.INFO: SMS (not sent — log driver) {"to":"+88017****5678","event":"mobile_verification","locale":"en","segments":1,"unicode":false,"body":"Your Feriwala verification code is 302623. It expires in 5 minutes. Do not share it with anyone."} 
[2026-09-19 17:39:10] testing.INFO: SMS (not sent — log driver) {"to":"+88017****5678","event":"mobile_verification","locale":"en","segments":1,"unicode":false,"body":"Your Feriwala verification code is 810394. It expires in 5 minutes. Do not share it with anyone."} 
[2026-09-19 17:39:10] testing.INFO: SMS (not sent — log driver) {"to":"+88017****5678","event":"mobile_verification","locale":"en","segments":1,"unicode":false,"body":"Your Feriwala verification code is 881944. It expires in 5 minutes. Do not share it with anyone."} 
[2026-09-19 17:39:10] testing.INFO: SMS (not sent — log driver) {"to":"+88017****5678","event":"mobile_verification","locale":"en","segments":1,"unicode":false,"body":"Your Feriwala verification code is 669322. It expires in 5 minutes. Do not share it with anyone."} 
[2026-09-19 17:39:15] testing.INFO: SMS (not sent — log driver) {"to":"+88017****0672","event":"account.activated","locale":"en","segments":1,"unicode":false,"body":"Your Feriwala account is now active. You can sign in and start trading."} 
[2026-09-19 17:39:45] testing.INFO: SMS (not sent — log driver) {"to":"+88017****5678","event":null,"locale":"en","segments":1,"unicode":false,"body":"Hello"} 
[2026-09-19 17:40:08] local.INFO: SMS (not sent — log driver) {"to":"017936*2087","event":"mobile_verification","locale":"en","segments":1,"unicode":false,"body":"Your Feriwala verification code is 441770. It expires in 5 minutes. Do not share it with anyone."} 
[2026-09-19 17:41:27] testing.INFO: SMS (not sent — log driver) {"to":"+88017****0758","event":"account.activated","locale":"en","segments":1,"unicode":false,"body":"Your Feriwala account is now active. You can sign in and start trading."} 
[2026-09-19 17:41:30] testing.INFO: SMS (not sent — log driver) {"to":"+88017****2914","event":"account.activated","locale":"en","segments":1,"unicode":false,"body":"Your Feriwala account is now active. You can sign in and start trading."} 
[2026-09-19 17:41:32] testing.INFO: SMS (not sent — log driver) {"to":"+88017****8228","event":"account.activated","locale":"en","segments":1,"unicode":false,"body":"Your Feriwala account is now active. You can sign in and start trading."} 
[2026-09-19 17:41:34] testing.INFO: SMS (not sent — log driver) {"to":"+88017****2971","event":"account.activated","locale":"en","segments":1,"unicode":false,"body":"Your Feriwala account is now active. You can sign in and start trading."} 
[2026-09-19 17:41:36] testing.INFO: SMS (not sent — log driver) {"to":"+88017****9807","event":"account.activated","locale":"en","segments":1,"unicode":false,"body":"Your Feriwala account is now active. You can sign in and start trading."} 
[2026-09-19 17:41:38] testing.INFO: SMS (not sent — log driver) {"to":"+88017****6763","event":"account.activated","locale":"en","segments":1,"unicode":false,"body":"Your Feriwala account is now active. You can sign in and start trading."} 
[2026-09-19 17:41:40] testing.INFO: SMS (not sent — log driver) {"to":"+88017****6430","event":"account.activated","locale":"en","segments":1,"unicode":false,"body":"Your Feriwala account is now active. You can sign in and start trading."} 
[2026-09-19 17:41:42] testing.INFO: SMS (not sent — log driver) {"to":"+88017****8817","event":"account.activated","locale":"en","segments":1,"unicode":false,"body":"Your Feriwala account is now active. You can sign in and start trading."} 
[2026-09-19 17:41:44] testing.INFO: SMS (not sent — log driver) {"to":"+88017****6183","event":"account.activated","locale":"en","segments":1,"unicode":false,"body":"Your Feriwala account is now active. You can sign in and start trading."} 
[2026-09-19 17:41:46] testing.INFO: SMS (not sent — log driver) {"to":"+88017****1550","event":"account.activated","locale":"en","segments":1,"unicode":false,"body":"Your Feriwala account is now active. You can sign in and start trading."} 
[2026-09-19 17:41:48] testing.INFO: SMS (not sent — log driver) {"to":"+88017****7260","event":"account.activated","locale":"en","segments":1,"unicode":false,"body":"Your Feriwala account is now active. You can sign in and start trading."} 
[2026-09-19 17:41:50] testing.INFO: SMS (not sent — log driver) {"to":"+88017****4740","event":"account.activated","locale":"en","segments":1,"unicode":false,"body":"Your Feriwala account is now active. You can sign in and start trading."} 
[2026-09-19 17:41:52] testing.INFO: SMS (not sent — log driver) {"to":"+88017****9857","event":"account.activated","locale":"en","segments":1,"unicode":false,"body":"Your Feriwala account is now active. You can sign in and start trading."} 
